webpackJsonp([219],{1558:function(e,n){e.exports={render:function(){var e=this,n=e.$createElement;e._self._c;return e._m(0)},staticRenderFns:[function(){var e=this,n=e.$createElement,t=e._self._c||n;return t("section",[t("p",[t("strong",[e._v("parted命令")]),e._v("是由GNU组织开发的一款功能强大的磁盘分区和分区大小调整工具，与"),t("a",{attrs:{href:"#/fdisk",title:"fdisk命令"}},[e._v("fdisk")]),e._v("不同，它支持调整分区的大小。作为一种设计用于Linux的工具，它没有构建成处理与fdisk关联的多种分区类型，但是，它可以处理最常见的分区格式，包括：ext2、ext3、fat16、fat32、NTFS、ReiserFS、JFS、XFS、UFS、HFS以及Linux交换分区。")]),e._v(" "),t("h3",[e._v("语法")]),e._v(" "),t("pre",{pre:!0},[t("code",{attrs:{"v-pre":""}},[e._v("parted(选项)(参数)\n")])]),e._v(" "),t("h3",[e._v("选项")]),e._v(" "),t("pre",{pre:!0},[t("code",{attrs:{"v-pre":""}},[e._v("-h：显示帮助信息；\n-i：交互式模式；\n-s：脚本模式，不提示用户；\n-v：显示版本号。\n")])]),e._v(" "),t("h3",[e._v("参数")]),e._v(" "),t("ul",[t("li",[e._v("设备：指定要分区的硬盘所对应的设备文件；")]),e._v(" "),t("li",[e._v("命令：要执行的parted命令。")])]),e._v(" "),t("h3",[e._v("实例")]),e._v(" "),t("p",[e._v("从串行技术出现以来，越来越多用户选择使用大容量的SATA硬盘创建磁盘阵列；特别是MD1000/MD3000，很轻易就突破2T的LUN，故在此给大家一些指引。")]),e._v(" "),t("p",[e._v("红帽企业 Linux 4 Update 4供对大于 2 terabytes（TB）的磁盘设备的支持。")]),e._v(" "),t("p",[e._v("请参考以下操作步骤：")]),e._v(" "),t("p",[e._v("注：")]),e._v(" "),t("ul",[t("li",[e._v("绿色代表你需要使用的命令。")]),e._v(" "),t("li",[e._v("红色代表你需要注意到的输出信息，在后续需要使用。")])]),e._v(" "),t("pre",{pre:!0},[t("code",{attrs:{"v-pre":""}},[e._v('[root@localhost ~]# fdisk -l\nDisk /dev/sda: 35.8 GB, 35862976512 bytes\n255 heads, 63 sectors/track, 4360 cylinders\nUnits = cylinders of 16065 * 512 = 8225280 bytes\n   Device Boot      Start         End      Blocks   [id](#/id "id命令")  System\n/dev/sda1   *           1          13      104391   83  Linux\n/dev/sda2              14         144     1052257+  82  Linux swap\n/dev/sda3             145        4360    33865020   83  Linux\nDisk /dev/sdb: 2147 MB, 2147483648 bytes\n255 heads, 63 sectors/track, 261 cylinders\nUnits = cylinders of 16065 * 512 = 8225280 bytes\nDisk /dev/sdb doesn\'t contain a valid partition table\n')])]),e._v(" "),t("pre",{pre:!0},[t("code",{attrs:{"v-pre":""}},[e._v('[root@localhost ~]# parted /dev/sdb\nGNU Parted Copyright (C) 1998 - 2004 [free](#/free "free命令") Software Foundation, Inc.\nThis program is free software, covered by the GNU General Public License.\nThis program is distributed in the hope that it will be useful, but WITHOUT ANY\nWARRANTY; without even the implied warranty of MERCHANTABILITY or FITNESS FOR A\nPARTICULAR PURPOSE.  See the GNU General Public License for [more](#/more "more命令") details.\n使用/dev/sdb\n(parted)mklabel gpt\n(parted)print\n/dev/sdb的磁盘几何结构：0.000-2048.000兆字节\n磁盘标签类型：gpt\nMinor   起始点       终止点 文件系统   名称                 标志\n(parted)mkpart primary 0 2048  <-----上面print显示的数字\n(parted)print\n/dev/sdb的磁盘几何结构：0.000-2048.000兆字节\n磁盘标签类型：gpt\nMinor   起始点       终止点 文件系统   名称                 标志\n1          0.017   2047.983\n(parted)quit\n\n')])]),e._v(" "),t("p",[e._v("如果必要，不要忘记更新"),t("code",{pre:!0},[e._v("/etc/fstab")]),e._v("。")]),e._v(" "),t("pre",{pre:!0},[t("code",{attrs:{"v-pre":""}},[e._v("[root@localhost ~]# fdisk -l\nDisk /dev/sda: 35.8 GB, 35862976512 bytes\n255 heads, 63 sectors/track, 4360 cylinders\nUnits = cylinders of 16065 * 512 = 8225280 bytes\n   Device Boot      Start         End      Blocks   Id  System\n/dev/sda1   *           1          13      104391   83  Linux\n/dev/sda2              14         144     1052257+  82  Linux swap\n/dev/sda3             145        4360    33865020   83  Linux\nWARNING: GPT (GUID Partition Table) detected on '/dev/sdb'! The util fdisk doesn't support GPT. Use GNU Parted.\n\nDisk /dev/sdb: 2147 MB, 2147483648 bytes\n255 heads, 63 sectors/track, 261 cylinders\nUnits = cylinders of 16065 * 512 = 8225280 bytes\n   Device Boot      Start         End      Blocks   Id  System\n/dev/sdb1               1         262     2097151+  ee  EFI GPT\nPartition 1 has different physical/logical beginnings (non-Linux?):\n     phys=(0, 0, 1) logical=(0,0, 2)\nPartition 1 has different physical/logical endings:\n     phys=(1023, 254, 63) logical=(261, 21, 16)\n")])]),e._v(" "),t("pre",{pre:!0},[t("code",{attrs:{"v-pre":""}},[e._v('[root@localhost ~]# [mkfs](#/mkfs "mkfs命令").ext3 /dev/sdb1\n[mke2fs](#/mke2fs "mke2fs命令") 1.35 (28-Feb-2004)\nFilesystem label=\nOS [type](#/type "type命令"): Linux\nBlock size=4096 (log=2)\nFragment size=4096 (log=2)\n262144 inodes, 524279 blocks\n26213 blocks (5.00%) reserved for the super user\nFirst data block=0\nMaximum filesystem blocks=536870912\n16 block [groups](#/groups "groups命令")\n32768 blocks per group, 32768 fragments per group\n16384 inodes per group\nSuperblock backups stored on blocks:\n        32768, 98304, 163840, 229376, 294912\nWriting inode tables: done\nCreating journal (8192 blocks): done\nWriting superblocks and filesystem accounting information: done\nThis filesystem will be automatically checked every 28 mounts or\n180 days, whichever comes first.  Use [tune2fs](#/tune2fs "tune2fs命令") -c or -i to override.\n')])]),e._v(" "),t("pre",{pre:!0},[t("code",{attrs:{"v-pre":""}},[e._v('[root@localhost ~]# [mount](#/mount "mount命令") /dev/sdb1 /mnt\n[root@localhost ~]# [df](#/df "df命令") -h\nFilesystem            容量  已用 可用 已用% 挂载点\n/dev/sda3              <?xml:namespace prefix = st1 />32G  2.6G   28G   9% /\n/dev/sda1              99M   12M   82M  13% /boot\nnone                  252M     0  252M   0% /dev/shm\n/dev/sdb1             2.0G   36M  1.9G   2% /mnt\n')])])])}]}},335:function(e,n,t){e.exports=t(924)},924:function(e,n,t){var s=t(5)(null,t(1558),null,null,null);e.exports=s.exports}});
//# sourceMappingURL=219.89d7e451e3f6072dd1b4.js.map